Archive member included because of file (symbol)

c:/users/20100/downloads/atmel setup_mtgesh gmbo/extensions/atmel/avrgcc/3.4.1.95/avrtoolchain/bin/../lib/gcc/avr/4.6.2/avr5\libgcc.a(_exit.o)
                              c:/users/20100/downloads/atmel setup_mtgesh gmbo/extensions/atmel/avrgcc/3.4.1.95/avrtoolchain/bin/../lib/gcc/avr/4.6.2/../../../../avr/lib/avr5/crtm32.o (exit)
c:/users/20100/downloads/atmel setup_mtgesh gmbo/extensions/atmel/avrgcc/3.4.1.95/avrtoolchain/bin/../lib/gcc/avr/4.6.2/avr5\libgcc.a(_copy_data.o)
                              BUZZER.o (__do_copy_data)
c:/users/20100/downloads/atmel setup_mtgesh gmbo/extensions/atmel/avrgcc/3.4.1.95/avrtoolchain/bin/../lib/gcc/avr/4.6.2/avr5\libgcc.a(_clear_bss.o)
                              BUZZER.o (__do_clear_bss)

Allocating common symbols
Common symbol       size              file

arr                 0x4               SAFE.o

Memory Configuration

Name             Origin             Length             Attributes
text             0x00000000         0x00020000         xr
data             0x00800060         0x0000ffa0         rw !x
eeprom           0x00810000         0x00010000         rw !x
fuse             0x00820000         0x00000400         rw !x
lock             0x00830000         0x00000400         rw !x
signature        0x00840000         0x00000400         rw !x
*default*        0x00000000         0xffffffff

Linker script and memory map

LOAD c:/users/20100/downloads/atmel setup_mtgesh gmbo/extensions/atmel/avrgcc/3.4.1.95/avrtoolchain/bin/../lib/gcc/avr/4.6.2/../../../../avr/lib/avr5/crtm32.o
LOAD BUZZER.o
LOAD DIO.o
LOAD EEPROM.o
LOAD Keypad.o
LOAD LCD.o
LOAD SAFE.o
START GROUP
LOAD c:/users/20100/downloads/atmel setup_mtgesh gmbo/extensions/atmel/avrgcc/3.4.1.95/avrtoolchain/bin/../lib/gcc/avr/4.6.2/../../../../avr/lib/avr5\libm.a
END GROUP
LOAD c:/users/20100/downloads/atmel setup_mtgesh gmbo/extensions/atmel/avrgcc/3.4.1.95/avrtoolchain/bin/../lib/gcc/avr/4.6.2/avr5\libgcc.a
LOAD c:/users/20100/downloads/atmel setup_mtgesh gmbo/extensions/atmel/avrgcc/3.4.1.95/avrtoolchain/bin/../lib/gcc/avr/4.6.2/../../../../avr/lib/avr5\libc.a
LOAD c:/users/20100/downloads/atmel setup_mtgesh gmbo/extensions/atmel/avrgcc/3.4.1.95/avrtoolchain/bin/../lib/gcc/avr/4.6.2/avr5\libgcc.a

.hash
 *(.hash)

.dynsym
 *(.dynsym)

.dynstr
 *(.dynstr)

.gnu.version
 *(.gnu.version)

.gnu.version_d
 *(.gnu.version_d)

.gnu.version_r
 *(.gnu.version_r)

.rel.init
 *(.rel.init)

.rela.init
 *(.rela.init)

.rel.text
 *(.rel.text)
 *(.rel.text.*)
 *(.rel.gnu.linkonce.t*)

.rela.text
 *(.rela.text)
 *(.rela.text.*)
 *(.rela.gnu.linkonce.t*)

.rel.fini
 *(.rel.fini)

.rela.fini
 *(.rela.fini)

.rel.rodata
 *(.rel.rodata)
 *(.rel.rodata.*)
 *(.rel.gnu.linkonce.r*)

.rela.rodata
 *(.rela.rodata)
 *(.rela.rodata.*)
 *(.rela.gnu.linkonce.r*)

.rel.data
 *(.rel.data)
 *(.rel.data.*)
 *(.rel.gnu.linkonce.d*)

.rela.data
 *(.rela.data)
 *(.rela.data.*)
 *(.rela.gnu.linkonce.d*)

.rel.ctors
 *(.rel.ctors)

.rela.ctors
 *(.rela.ctors)

.rel.dtors
 *(.rel.dtors)

.rela.dtors
 *(.rela.dtors)

.rel.got
 *(.rel.got)

.rela.got
 *(.rela.got)

.rel.bss
 *(.rel.bss)

.rela.bss
 *(.rela.bss)

.rel.plt
 *(.rel.plt)

.rela.plt
 *(.rela.plt)

.text           0x00000000      0xe20
 *(.vectors)
 .vectors       0x00000000       0x54 c:/users/20100/downloads/atmel setup_mtgesh gmbo/extensions/atmel/avrgcc/3.4.1.95/avrtoolchain/bin/../lib/gcc/avr/4.6.2/../../../../avr/lib/avr5/crtm32.o
                0x00000000                __vector_default
                0x00000000                __vectors
 *(.vectors)
 *(.progmem.gcc*)
 *(.progmem*)
                0x00000054                . = ALIGN (0x2)
                0x00000054                __trampolines_start = .
 *(.trampolines)
 .trampolines   0x00000054        0x0 linker stubs
 *(.trampolines*)
                0x00000054                __trampolines_end = .
 *(.jumptables)
 *(.jumptables*)
 *(.lowtext)
 *(.lowtext*)
                0x00000054                __ctors_start = .
 *(.ctors)
                0x00000054                __ctors_end = .
                0x00000054                __dtors_start = .
 *(.dtors)
                0x00000054                __dtors_end = .
 SORT(*)(.ctors)
 SORT(*)(.dtors)
 *(.init0)
 .init0         0x00000054        0x0 c:/users/20100/downloads/atmel setup_mtgesh gmbo/extensions/atmel/avrgcc/3.4.1.95/avrtoolchain/bin/../lib/gcc/avr/4.6.2/../../../../avr/lib/avr5/crtm32.o
                0x00000054                __init
 *(.init0)
 *(.init1)
 *(.init1)
 *(.init2)
 .init2         0x00000054        0xc c:/users/20100/downloads/atmel setup_mtgesh gmbo/extensions/atmel/avrgcc/3.4.1.95/avrtoolchain/bin/../lib/gcc/avr/4.6.2/../../../../avr/lib/avr5/crtm32.o
 *(.init2)
 *(.init3)
 *(.init3)
 *(.init4)
 .init4         0x00000060       0x16 c:/users/20100/downloads/atmel setup_mtgesh gmbo/extensions/atmel/avrgcc/3.4.1.95/avrtoolchain/bin/../lib/gcc/avr/4.6.2/avr5\libgcc.a(_copy_data.o)
                0x00000060                __do_copy_data
 .init4         0x00000076       0x10 c:/users/20100/downloads/atmel setup_mtgesh gmbo/extensions/atmel/avrgcc/3.4.1.95/avrtoolchain/bin/../lib/gcc/avr/4.6.2/avr5\libgcc.a(_clear_bss.o)
                0x00000076                __do_clear_bss
 *(.init4)
 *(.init5)
 *(.init5)
 *(.init6)
 *(.init6)
 *(.init7)
 *(.init7)
 *(.init8)
 *(.init8)
 *(.init9)
 .init9         0x00000086        0x8 c:/users/20100/downloads/atmel setup_mtgesh gmbo/extensions/atmel/avrgcc/3.4.1.95/avrtoolchain/bin/../lib/gcc/avr/4.6.2/../../../../avr/lib/avr5/crtm32.o
 *(.init9)
 *(.text)
 .text          0x0000008e        0x4 c:/users/20100/downloads/atmel setup_mtgesh gmbo/extensions/atmel/avrgcc/3.4.1.95/avrtoolchain/bin/../lib/gcc/avr/4.6.2/../../../../avr/lib/avr5/crtm32.o
                0x0000008e                __vector_1
                0x0000008e                __vector_12
                0x0000008e                __bad_interrupt
                0x0000008e                __vector_6
                0x0000008e                __vector_3
                0x0000008e                __vector_11
                0x0000008e                __vector_13
                0x0000008e                __vector_17
                0x0000008e                __vector_19
                0x0000008e                __vector_7
                0x0000008e                __vector_5
                0x0000008e                __vector_4
                0x0000008e                __vector_9
                0x0000008e                __vector_2
                0x0000008e                __vector_15
                0x0000008e                __vector_8
                0x0000008e                __vector_14
                0x0000008e                __vector_10
                0x0000008e                __vector_16
                0x0000008e                __vector_18
                0x0000008e                __vector_20
 .text          0x00000092      0x1bc BUZZER.o
                0x00000092                Buzzer_Init
                0x0000012c                BUZZER_write
 .text          0x0000024e      0x612 DIO.o
                0x0000024e                DIO_vsetPINDir
                0x00000370                DIO_write
                0x00000492                DIO_u8read
                0x0000055c                DIO_toggle
                0x000005f6                DIO_set_port_direction
                0x00000634                DIO_write_port
                0x00000672                DIO_read_port
                0x000006b4                write_low_nibble
                0x00000706                write_high_nibble
                0x0000075a                DIO_vconnectpullup
 .text          0x00000860       0x1a EEPROM.o
                0x00000860                EEPROM_Write
                0x00000870                EEPROM_Read
 .text          0x0000087a      0x100 Keypad.o
                0x0000087a                KeyPad_vInit
                0x000008cc                KeyPad_u8check_press
 .text          0x0000097a      0x1e0 LCD.o
                0x000009a8                LCD_vSend_cmd
                0x000009ec                LCD_vInt
                0x00000aaa                LCD_vSend_char
                0x00000aee                LCD_vSend_String
                0x00000b0c                LCD_vClearScreen
                0x00000b20                LCD_vMove_Cursor
 .text          0x00000b5a      0x2c2 SAFE.o
                0x00000b5a                main
 .text          0x00000e1c        0x0 c:/users/20100/downloads/atmel setup_mtgesh gmbo/extensions/atmel/avrgcc/3.4.1.95/avrtoolchain/bin/../lib/gcc/avr/4.6.2/avr5\libgcc.a(_exit.o)
 .text          0x00000e1c        0x0 c:/users/20100/downloads/atmel setup_mtgesh gmbo/extensions/atmel/avrgcc/3.4.1.95/avrtoolchain/bin/../lib/gcc/avr/4.6.2/avr5\libgcc.a(_copy_data.o)
 .text          0x00000e1c        0x0 c:/users/20100/downloads/atmel setup_mtgesh gmbo/extensions/atmel/avrgcc/3.4.1.95/avrtoolchain/bin/../lib/gcc/avr/4.6.2/avr5\libgcc.a(_clear_bss.o)
                0x00000e1c                . = ALIGN (0x2)
 *(.text.*)
 .text.libgcc   0x00000e1c        0x0 c:/users/20100/downloads/atmel setup_mtgesh gmbo/extensions/atmel/avrgcc/3.4.1.95/avrtoolchain/bin/../lib/gcc/avr/4.6.2/avr5\libgcc.a(_exit.o)
 .text.libgcc   0x00000e1c        0x0 c:/users/20100/downloads/atmel setup_mtgesh gmbo/extensions/atmel/avrgcc/3.4.1.95/avrtoolchain/bin/../lib/gcc/avr/4.6.2/avr5\libgcc.a(_copy_data.o)
 .text.libgcc   0x00000e1c        0x0 c:/users/20100/downloads/atmel setup_mtgesh gmbo/extensions/atmel/avrgcc/3.4.1.95/avrtoolchain/bin/../lib/gcc/avr/4.6.2/avr5\libgcc.a(_clear_bss.o)
                0x00000e1c                . = ALIGN (0x2)
 *(.fini9)
 .fini9         0x00000e1c        0x0 c:/users/20100/downloads/atmel setup_mtgesh gmbo/extensions/atmel/avrgcc/3.4.1.95/avrtoolchain/bin/../lib/gcc/avr/4.6.2/avr5\libgcc.a(_exit.o)
                0x00000e1c                _exit
                0x00000e1c                exit
 *(.fini9)
 *(.fini8)
 *(.fini8)
 *(.fini7)
 *(.fini7)
 *(.fini6)
 *(.fini6)
 *(.fini5)
 *(.fini5)
 *(.fini4)
 *(.fini4)
 *(.fini3)
 *(.fini3)
 *(.fini2)
 *(.fini2)
 *(.fini1)
 *(.fini1)
 *(.fini0)
 .fini0         0x00000e1c        0x4 c:/users/20100/downloads/atmel setup_mtgesh gmbo/extensions/atmel/avrgcc/3.4.1.95/avrtoolchain/bin/../lib/gcc/avr/4.6.2/avr5\libgcc.a(_exit.o)
 *(.fini0)
                0x00000e20                _etext = .

.data           0x00800060       0x7a load address 0x00000e20
                0x00800060                PROVIDE (__data_start, .)
 *(.data)
 .data          0x00800060        0x0 c:/users/20100/downloads/atmel setup_mtgesh gmbo/extensions/atmel/avrgcc/3.4.1.95/avrtoolchain/bin/../lib/gcc/avr/4.6.2/../../../../avr/lib/avr5/crtm32.o
 .data          0x00800060        0x0 BUZZER.o
 .data          0x00800060        0x0 DIO.o
 .data          0x00800060        0x0 EEPROM.o
 .data          0x00800060       0x10 Keypad.o
 .data          0x00800070        0x0 LCD.o
 .data          0x00800070       0x6a SAFE.o
 .data          0x008000da        0x0 c:/users/20100/downloads/atmel setup_mtgesh gmbo/extensions/atmel/avrgcc/3.4.1.95/avrtoolchain/bin/../lib/gcc/avr/4.6.2/avr5\libgcc.a(_exit.o)
 .data          0x008000da        0x0 c:/users/20100/downloads/atmel setup_mtgesh gmbo/extensions/atmel/avrgcc/3.4.1.95/avrtoolchain/bin/../lib/gcc/avr/4.6.2/avr5\libgcc.a(_copy_data.o)
 .data          0x008000da        0x0 c:/users/20100/downloads/atmel setup_mtgesh gmbo/extensions/atmel/avrgcc/3.4.1.95/avrtoolchain/bin/../lib/gcc/avr/4.6.2/avr5\libgcc.a(_clear_bss.o)
 *(.data*)
 *(.rodata)
 *(.rodata*)
 *(.gnu.linkonce.d*)
                0x008000da                . = ALIGN (0x2)
                0x008000da                _edata = .
                0x008000da                PROVIDE (__data_end, .)

.bss            0x008000da        0x4
                0x008000da                PROVIDE (__bss_start, .)
 *(.bss)
 .bss           0x008000da        0x0 c:/users/20100/downloads/atmel setup_mtgesh gmbo/extensions/atmel/avrgcc/3.4.1.95/avrtoolchain/bin/../lib/gcc/avr/4.6.2/../../../../avr/lib/avr5/crtm32.o
 .bss           0x008000da        0x0 BUZZER.o
 .bss           0x008000da        0x0 DIO.o
 .bss           0x008000da        0x0 EEPROM.o
 .bss           0x008000da        0x0 Keypad.o
 .bss           0x008000da        0x0 LCD.o
 .bss           0x008000da        0x0 SAFE.o
 .bss           0x008000da        0x0 c:/users/20100/downloads/atmel setup_mtgesh gmbo/extensions/atmel/avrgcc/3.4.1.95/avrtoolchain/bin/../lib/gcc/avr/4.6.2/avr5\libgcc.a(_exit.o)
 .bss           0x008000da        0x0 c:/users/20100/downloads/atmel setup_mtgesh gmbo/extensions/atmel/avrgcc/3.4.1.95/avrtoolchain/bin/../lib/gcc/avr/4.6.2/avr5\libgcc.a(_copy_data.o)
 .bss           0x008000da        0x0 c:/users/20100/downloads/atmel setup_mtgesh gmbo/extensions/atmel/avrgcc/3.4.1.95/avrtoolchain/bin/../lib/gcc/avr/4.6.2/avr5\libgcc.a(_clear_bss.o)
 *(.bss*)
 *(COMMON)
 COMMON         0x008000da        0x4 SAFE.o
                0x008000da                arr
                0x008000de                PROVIDE (__bss_end, .)
                0x00000e20                __data_load_start = LOADADDR (.data)
                0x00000e9a                __data_load_end = (__data_load_start + SIZEOF (.data))

.noinit         0x008000de        0x0
                0x008000de                PROVIDE (__noinit_start, .)
 *(.noinit*)
                0x008000de                PROVIDE (__noinit_end, .)
                0x008000de                _end = .
                0x008000de                PROVIDE (__heap_start, .)

.eeprom         0x00810000        0x0
 *(.eeprom*)
                0x00810000                __eeprom_end = .

.fuse
 *(.fuse)
 *(.lfuse)
 *(.hfuse)
 *(.efuse)

.lock
 *(.lock*)

.signature
 *(.signature*)

.stab           0x00000000      0x6cc
 *(.stab)
 .stab          0x00000000      0x6cc c:/users/20100/downloads/atmel setup_mtgesh gmbo/extensions/atmel/avrgcc/3.4.1.95/avrtoolchain/bin/../lib/gcc/avr/4.6.2/../../../../avr/lib/avr5/crtm32.o

.stabstr        0x00000000       0x85
 *(.stabstr)
 .stabstr       0x00000000       0x85 c:/users/20100/downloads/atmel setup_mtgesh gmbo/extensions/atmel/avrgcc/3.4.1.95/avrtoolchain/bin/../lib/gcc/avr/4.6.2/../../../../avr/lib/avr5/crtm32.o

.stab.excl
 *(.stab.excl)

.stab.exclstr
 *(.stab.exclstr)

.stab.index
 *(.stab.index)

.stab.indexstr
 *(.stab.indexstr)

.comment
 *(.comment)

.debug
 *(.debug)

.line
 *(.line)

.debug_srcinfo
 *(.debug_srcinfo)

.debug_sfnames
 *(.debug_sfnames)

.debug_aranges  0x00000000      0x120
 *(.debug_aranges)
 .debug_aranges
                0x00000000       0x20 BUZZER.o
 .debug_aranges
                0x00000020       0x20 DIO.o
 .debug_aranges
                0x00000040       0x20 EEPROM.o
 .debug_aranges
                0x00000060       0x20 Keypad.o
 .debug_aranges
                0x00000080       0x20 LCD.o
 .debug_aranges
                0x000000a0       0x20 SAFE.o
 .debug_aranges
                0x000000c0       0x20 c:/users/20100/downloads/atmel setup_mtgesh gmbo/extensions/atmel/avrgcc/3.4.1.95/avrtoolchain/bin/../lib/gcc/avr/4.6.2/avr5\libgcc.a(_exit.o)
 .debug_aranges
                0x000000e0       0x20 c:/users/20100/downloads/atmel setup_mtgesh gmbo/extensions/atmel/avrgcc/3.4.1.95/avrtoolchain/bin/../lib/gcc/avr/4.6.2/avr5\libgcc.a(_copy_data.o)
 .debug_aranges
                0x00000100       0x20 c:/users/20100/downloads/atmel setup_mtgesh gmbo/extensions/atmel/avrgcc/3.4.1.95/avrtoolchain/bin/../lib/gcc/avr/4.6.2/avr5\libgcc.a(_clear_bss.o)

.debug_pubnames
 *(.debug_pubnames)

.debug_info     0x00000000     0x102e
 *(.debug_info)
 .debug_info    0x00000000       0xeb BUZZER.o
 .debug_info    0x000000eb      0x2e1 DIO.o
 .debug_info    0x000003cc       0xd2 EEPROM.o
 .debug_info    0x0000049e       0xc3 Keypad.o
 .debug_info    0x00000561      0x4b5 LCD.o
 .debug_info    0x00000a16      0x381 SAFE.o
 .debug_info    0x00000d97       0xdd c:/users/20100/downloads/atmel setup_mtgesh gmbo/extensions/atmel/avrgcc/3.4.1.95/avrtoolchain/bin/../lib/gcc/avr/4.6.2/avr5\libgcc.a(_exit.o)
 .debug_info    0x00000e74       0xdd c:/users/20100/downloads/atmel setup_mtgesh gmbo/extensions/atmel/avrgcc/3.4.1.95/avrtoolchain/bin/../lib/gcc/avr/4.6.2/avr5\libgcc.a(_copy_data.o)
 .debug_info    0x00000f51       0xdd c:/users/20100/downloads/atmel setup_mtgesh gmbo/extensions/atmel/avrgcc/3.4.1.95/avrtoolchain/bin/../lib/gcc/avr/4.6.2/avr5\libgcc.a(_clear_bss.o)
 *(.gnu.linkonce.wi.*)

.debug_abbrev   0x00000000      0x511
 *(.debug_abbrev)
 .debug_abbrev  0x00000000       0x72 BUZZER.o
 .debug_abbrev  0x00000072       0xba DIO.o
 .debug_abbrev  0x0000012c       0x83 EEPROM.o
 .debug_abbrev  0x000001af       0x88 Keypad.o
 .debug_abbrev  0x00000237      0x15c LCD.o
 .debug_abbrev  0x00000393      0x142 SAFE.o
 .debug_abbrev  0x000004d5       0x14 c:/users/20100/downloads/atmel setup_mtgesh gmbo/extensions/atmel/avrgcc/3.4.1.95/avrtoolchain/bin/../lib/gcc/avr/4.6.2/avr5\libgcc.a(_exit.o)
 .debug_abbrev  0x000004e9       0x14 c:/users/20100/downloads/atmel setup_mtgesh gmbo/extensions/atmel/avrgcc/3.4.1.95/avrtoolchain/bin/../lib/gcc/avr/4.6.2/avr5\libgcc.a(_copy_data.o)
 .debug_abbrev  0x000004fd       0x14 c:/users/20100/downloads/atmel setup_mtgesh gmbo/extensions/atmel/avrgcc/3.4.1.95/avrtoolchain/bin/../lib/gcc/avr/4.6.2/avr5\libgcc.a(_clear_bss.o)

.debug_line     0x00000000      0x9c8
 *(.debug_line)
 .debug_line    0x00000000       0xee BUZZER.o
 .debug_line    0x000000ee      0x160 DIO.o
 .debug_line    0x0000024e       0xe7 EEPROM.o
 .debug_line    0x00000335       0x5b Keypad.o
 .debug_line    0x00000390      0x236 LCD.o
 .debug_line    0x000005c6      0x25b SAFE.o
 .debug_line    0x00000821       0x88 c:/users/20100/downloads/atmel setup_mtgesh gmbo/extensions/atmel/avrgcc/3.4.1.95/avrtoolchain/bin/../lib/gcc/avr/4.6.2/avr5\libgcc.a(_exit.o)
 .debug_line    0x000008a9       0x91 c:/users/20100/downloads/atmel setup_mtgesh gmbo/extensions/atmel/avrgcc/3.4.1.95/avrtoolchain/bin/../lib/gcc/avr/4.6.2/avr5\libgcc.a(_copy_data.o)
 .debug_line    0x0000093a       0x8e c:/users/20100/downloads/atmel setup_mtgesh gmbo/extensions/atmel/avrgcc/3.4.1.95/avrtoolchain/bin/../lib/gcc/avr/4.6.2/avr5\libgcc.a(_clear_bss.o)

.debug_frame    0x00000000      0x284
 *(.debug_frame)
 .debug_frame   0x00000000       0x34 BUZZER.o
 .debug_frame   0x00000034       0xb4 DIO.o
 .debug_frame   0x000000e8       0x34 EEPROM.o
 .debug_frame   0x0000011c       0x4c Keypad.o
 .debug_frame   0x00000168       0xa0 LCD.o
 .debug_frame   0x00000208       0x7c SAFE.o

.debug_str      0x00000000      0x320
 *(.debug_str)
 .debug_str     0x00000000       0xe9 BUZZER.o
                                0x122 (size before relaxing)
 .debug_str     0x000000e9       0xca DIO.o
                                0x1d5 (size before relaxing)
 .debug_str     0x000001b3       0x47 EEPROM.o
                                0x115 (size before relaxing)
 .debug_str     0x000001fa       0x30 Keypad.o
                                 0xae (size before relaxing)
 .debug_str     0x0000022a       0xda LCD.o
                                0x1aa (size before relaxing)
 .debug_str     0x00000304       0x1c SAFE.o
                                0x149 (size before relaxing)

.debug_loc      0x00000000      0xd85
 *(.debug_loc)
 .debug_loc     0x00000000      0x188 BUZZER.o
 .debug_loc     0x00000188      0x617 DIO.o
 .debug_loc     0x0000079f       0x18 EEPROM.o
 .debug_loc     0x000007b7      0x10e Keypad.o
 .debug_loc     0x000008c5      0x133 LCD.o
 .debug_loc     0x000009f8      0x38d SAFE.o

.debug_macinfo
 *(.debug_macinfo)
OUTPUT(SAFE.elf elf32-avr)
LOAD linker stubs
